// Jest Snapshot v1, https://goo.gl/fbAQLP

exports[`Spinner should render correctly 1`] = `
<Fragment>
  <Spinner__SpinnerStyled>
    <Loader
      color="#000000"
      css=""
      loading={true}
      margin={2}
      size={15}
    />
  </Spinner__SpinnerStyled>
  ;
</Fragment>
`;
