// Jest Snapshot v1, https://goo.gl/fbAQLP

exports[`Person should render correctly 1`] = `
<Fragment>
  <Spinner />
</Fragment>
`;
