// Jest Snapshot v1, https://goo.gl/fbAQLP

exports[`Button should render correctly 1`] = `
<ButtonStyled
  disabled={false}
  onClick={[Function]}
  onKeyPress={[Function]}
  type="button"
>
  Search
</ButtonStyled>
`;
