// Jest Snapshot v1, https://goo.gl/fbAQLP

exports[`PeopleContainer should render correctly 1`] = `
<Fragment>
  <Spinner />
</Fragment>
`;
