// Jest Snapshot v1, https://goo.gl/fbAQLP

exports[`PeoplePage should render correctly 1`] = `
<Fragment>
  <h1
    style={
      Object {
        "color": "#ffffff",
        "textAlign": "center",
      }
    }
  >
    People
  </h1>
  <Spinner />
</Fragment>
`;
